Archive member included to satisfy reference by file (symbol)

c:/program files (x86)/atmel/studio/7.0/toolchain/avr8/avr8-gnu-toolchain/bin/../lib/gcc/avr/5.4.0/avr5\libgcc.a(_mulsi3.o)
                              src/DCLoad.o (__mulsi3)
c:/program files (x86)/atmel/studio/7.0/toolchain/avr8/avr8-gnu-toolchain/bin/../lib/gcc/avr/5.4.0/avr5\libgcc.a(_udivmodsi4.o)
                              src/DCLoad.o (__udivmodsi4)
c:/program files (x86)/atmel/studio/7.0/toolchain/avr8/avr8-gnu-toolchain/bin/../lib/gcc/avr/5.4.0/avr5\libgcc.a(_exit.o)
                              C:/Program Files (x86)/Atmel/Studio/7.0/Packs/Atmel/ATmega_DFP/1.3.300/gcc/dev/atmega328p/avr5/crtatmega328p.o (exit)
c:/program files (x86)/atmel/studio/7.0/toolchain/avr8/avr8-gnu-toolchain/bin/../lib/gcc/avr/5.4.0/avr5\libgcc.a(_tablejump2.o)
                              src/menu.o (__tablejump2__)
c:/program files (x86)/atmel/studio/7.0/toolchain/avr8/avr8-gnu-toolchain/bin/../lib/gcc/avr/5.4.0/avr5\libgcc.a(_copy_data.o)
                              src/HMI.o (__do_copy_data)
c:/program files (x86)/atmel/studio/7.0/toolchain/avr8/avr8-gnu-toolchain/bin/../lib/gcc/avr/5.4.0/avr5\libgcc.a(_clear_bss.o)
                              src/DCLoad.o (__do_clear_bss)
c:/program files (x86)/atmel/studio/7.0/toolchain/avr8/avr8-gnu-toolchain/bin/../lib/gcc/avr/5.4.0/avr5\libgcc.a(_umulhisi3.o)
                              src/MCP4725.o (__umulhisi3)
c:/program files (x86)/atmel/studio/7.0/toolchain/avr8/avr8-gnu-toolchain/bin/../lib/gcc/avr/5.4.0/avr5\libgcc.a(_muluhisi3.o)
                              Drivers/ADC/ADC.o (__muluhisi3)
c:/program files (x86)/atmel/studio/7.0/toolchain/avr8/avr8-gnu-toolchain/bin/../lib/gcc/avr/5.4.0/avr5\libgcc.a(_umulsidi3.o)
                              src/DCLoad.o (__umulsidi3)
c:/program files (x86)/atmel/studio/7.0/toolchain/avr8/avr8-gnu-toolchain/bin/../lib/gcc/avr/5.4.0/avr5\libgcc.a(_ashrdi3.o)
                              src/DCLoad.o (__lshrdi3)
c:/program files (x86)/atmel/studio/7.0/toolchain/avr8/avr8-gnu-toolchain/bin/../lib/gcc/avr/5.4.0/avr5\libgcc.a(_muldi3_6.o)
                              c:/program files (x86)/atmel/studio/7.0/toolchain/avr8/avr8-gnu-toolchain/bin/../lib/gcc/avr/5.4.0/avr5\libgcc.a(_umulsidi3.o) (__muldi3_6)
c:/program files (x86)/atmel/studio/7.0/toolchain/avr8/avr8-gnu-toolchain/bin/../lib/gcc/avr/5.4.0/../../../../avr/lib/avr5\libc.a(itoa_ncheck.o)
                              Drivers/UART/UART.o (__itoa_ncheck)
c:/program files (x86)/atmel/studio/7.0/toolchain/avr8/avr8-gnu-toolchain/bin/../lib/gcc/avr/5.4.0/../../../../avr/lib/avr5\libc.a(utoa_ncheck.o)
                              c:/program files (x86)/atmel/studio/7.0/toolchain/avr8/avr8-gnu-toolchain/bin/../lib/gcc/avr/5.4.0/../../../../avr/lib/avr5\libc.a(itoa_ncheck.o) (__utoa_common)
c:/program files (x86)/atmel/studio/7.0/toolchain/avr8/avr8-gnu-toolchain/bin/../lib/gcc/avr/5.4.0/../../../../avr/lib/avr5\libc.a(strrev.o)
                              c:/program files (x86)/atmel/studio/7.0/toolchain/avr8/avr8-gnu-toolchain/bin/../lib/gcc/avr/5.4.0/../../../../avr/lib/avr5\libc.a(utoa_ncheck.o) (strrev)

Allocating common symbols
Common symbol       size              file

txtBuffer           0x14              src/HMI.o
load_actual_config  0x9               src/DCLoad.o
dacVoltage          0x4               src/DCLoad.o
dac_actual_config   0x6               src/HMI.o
hmi_actual_config   0x4               src/HMI.o

Discarded input sections

 .data          0x00000000        0x0 C:/Program Files (x86)/Atmel/Studio/7.0/Packs/Atmel/ATmega_DFP/1.3.300/gcc/dev/atmega328p/avr5/crtatmega328p.o
 .bss           0x00000000        0x0 C:/Program Files (x86)/Atmel/Studio/7.0/Packs/Atmel/ATmega_DFP/1.3.300/gcc/dev/atmega328p/avr5/crtatmega328p.o
 .text          0x00000000        0x0 Drivers/ADC/ADC.o
 .data          0x00000000        0x0 Drivers/ADC/ADC.o
 .bss           0x00000000        0x0 Drivers/ADC/ADC.o
 .text          0x00000000        0x0 Drivers/GPIO/GPIO.o
 .data          0x00000000        0x0 Drivers/GPIO/GPIO.o
 .bss           0x00000000        0x0 Drivers/GPIO/GPIO.o
 .text.GPIO_Init
                0x00000000       0x2c Drivers/GPIO/GPIO.o
 .text.GPIO_Write
                0x00000000        0xe Drivers/GPIO/GPIO.o
 .text.GPIO_Toggle
                0x00000000       0x18 Drivers/GPIO/GPIO.o
 .text.GPIO_Read
                0x00000000       0x16 Drivers/GPIO/GPIO.o
 .debug_info    0x00000000      0x1be Drivers/GPIO/GPIO.o
 .debug_abbrev  0x00000000       0xce Drivers/GPIO/GPIO.o
 .debug_loc     0x00000000       0x71 Drivers/GPIO/GPIO.o
 .debug_aranges
                0x00000000       0x38 Drivers/GPIO/GPIO.o
 .debug_ranges  0x00000000       0x28 Drivers/GPIO/GPIO.o
 .debug_line    0x00000000      0x104 Drivers/GPIO/GPIO.o
 .debug_str     0x00000000      0x1e9 Drivers/GPIO/GPIO.o
 .comment       0x00000000       0x31 Drivers/GPIO/GPIO.o
 .debug_frame   0x00000000       0x54 Drivers/GPIO/GPIO.o
 .text          0x00000000        0x0 Drivers/I2C/I2C.o
 .data          0x00000000        0x0 Drivers/I2C/I2C.o
 .bss           0x00000000        0x0 Drivers/I2C/I2C.o
 .text.i2c_transmit
                0x00000000       0x5c Drivers/I2C/I2C.o
 .text.i2c_receive
                0x00000000       0x6c Drivers/I2C/I2C.o
 .text.i2c_stop
                0x00000000        0x8 Drivers/I2C/I2C.o
 .text          0x00000000        0x0 Drivers/SPI/SPI.o
 .data          0x00000000        0x0 Drivers/SPI/SPI.o
 .bss           0x00000000        0x0 Drivers/SPI/SPI.o
 .text.SPI_Init
                0x00000000        0xe Drivers/SPI/SPI.o
 .text.SPI_Exchange_Byte
                0x00000000        0xc Drivers/SPI/SPI.o
 .debug_info    0x00000000       0xac Drivers/SPI/SPI.o
 .debug_abbrev  0x00000000       0x78 Drivers/SPI/SPI.o
 .debug_loc     0x00000000       0x1f Drivers/SPI/SPI.o
 .debug_aranges
                0x00000000       0x28 Drivers/SPI/SPI.o
 .debug_ranges  0x00000000       0x18 Drivers/SPI/SPI.o
 .debug_line    0x00000000       0xdc Drivers/SPI/SPI.o
 .debug_str     0x00000000      0x198 Drivers/SPI/SPI.o
 .comment       0x00000000       0x31 Drivers/SPI/SPI.o
 .debug_frame   0x00000000       0x34 Drivers/SPI/SPI.o
 .text          0x00000000        0x0 Drivers/TC16/TC16.o
 .data          0x00000000        0x0 Drivers/TC16/TC16.o
 .bss           0x00000000        0x0 Drivers/TC16/TC16.o
 .text          0x00000000        0x0 Drivers/UART/UART.o
 .data          0x00000000        0x0 Drivers/UART/UART.o
 .bss           0x00000000        0x0 Drivers/UART/UART.o
 .text.Uart_Receive_Byte
                0x00000000       0x10 Drivers/UART/UART.o
 .text.Uart_Receive_Text
                0x00000000       0x2a Drivers/UART/UART.o
 .text.Uart_Is_Data_Received
                0x00000000        0x8 Drivers/UART/UART.o
 .text          0x00000000        0x0 src/DCLoad.o
 .data          0x00000000        0x0 src/DCLoad.o
 .bss           0x00000000        0x0 src/DCLoad.o
 .text          0x00000000        0x0 src/HD44780.o
 .data          0x00000000        0x0 src/HD44780.o
 .bss           0x00000000        0x0 src/HD44780.o
 .text.LCD_Home
                0x00000000       0x14 src/HD44780.o
 .text          0x00000000        0x0 src/HMI.o
 .data          0x00000000        0x0 src/HMI.o
 .bss           0x00000000        0x0 src/HMI.o
 .text.HMI_Display_Locate
                0x00000000        0x6 src/HMI.o
 .text          0x00000000        0x0 src/main.o
 .data          0x00000000        0x0 src/main.o
 .bss           0x00000000        0x0 src/main.o
 .text.Serial_Send_Text
                0x00000000        0x6 src/main.o
 .text.Time_Reset
                0x00000000        0xe src/main.o
 .text          0x00000000        0x0 src/MCP4725.o
 .data          0x00000000        0x0 src/MCP4725.o
 .bss           0x00000000        0x0 src/MCP4725.o
 .text.MCP4275_Set_Voltage_Normal
                0x00000000        0x2 src/MCP4725.o
 .text          0x00000000        0x0 src/menu.o
 .data          0x00000000        0x0 src/menu.o
 .bss           0x00000000        0x0 src/menu.o
 .text          0x00000000        0x0 src/protected_io.o
 .data          0x00000000        0x0 src/protected_io.o
 .bss           0x00000000        0x0 src/protected_io.o
 .text.protected_write_io
                0x00000000        0xe src/protected_io.o
 .debug_line    0x00000000       0x67 src/protected_io.o
 .debug_info    0x00000000       0x7f src/protected_io.o
 .debug_abbrev  0x00000000       0x14 src/protected_io.o
 .debug_aranges
                0x00000000       0x20 src/protected_io.o
 .text          0x00000000        0x0 src/spi_basic.o
 .data          0x00000000        0x0 src/spi_basic.o
 .bss           0x00000000        0x0 src/spi_basic.o
 .text.SPI_0_init
                0x00000000       0x14 src/spi_basic.o
 .text.SPI_0_enable
                0x00000000        0x8 src/spi_basic.o
 .text.SPI_0_disable
                0x00000000        0x8 src/spi_basic.o
 .text.SPI_0_exchange_byte
                0x00000000       0x14 src/spi_basic.o
 .text.SPI_0_exchange_block
                0x00000000       0x1e src/spi_basic.o
 .text.SPI_0_write_block
                0x00000000       0x1c src/spi_basic.o
 .text.SPI_0_read_block
                0x00000000       0x1c src/spi_basic.o
 .bss.SPI_0_desc
                0x00000000        0x1 src/spi_basic.o
 .debug_info    0x00000000      0x220 src/spi_basic.o
 .debug_abbrev  0x00000000      0x112 src/spi_basic.o
 .debug_loc     0x00000000      0x180 src/spi_basic.o
 .debug_aranges
                0x00000000       0x50 src/spi_basic.o
 .debug_ranges  0x00000000       0x40 src/spi_basic.o
 .debug_line    0x00000000      0x1ce src/spi_basic.o
 .debug_str     0x00000000      0x278 src/spi_basic.o
 .comment       0x00000000       0x31 src/spi_basic.o
 .debug_frame   0x00000000       0x84 src/spi_basic.o
 .text          0x00000000        0x0 src/tc16.o
 .data          0x00000000        0x0 src/tc16.o
 .bss           0x00000000        0x0 src/tc16.o
 .text.TIMER_0_init
                0x00000000       0x26 src/tc16.o
 .debug_info    0x00000000       0x9c src/tc16.o
 .debug_abbrev  0x00000000       0x51 src/tc16.o
 .debug_aranges
                0x00000000       0x20 src/tc16.o
 .debug_ranges  0x00000000       0x10 src/tc16.o
 .debug_line    0x00000000       0xbb src/tc16.o
 .debug_str     0x00000000      0x188 src/tc16.o
 .comment       0x00000000       0x31 src/tc16.o
 .debug_frame   0x00000000       0x24 src/tc16.o
 .text          0x00000000        0x0 c:/program files (x86)/atmel/studio/7.0/toolchain/avr8/avr8-gnu-toolchain/bin/../lib/gcc/avr/5.4.0/avr5\libgcc.a(_mulsi3.o)
 .data          0x00000000        0x0 c:/program files (x86)/atmel/studio/7.0/toolchain/avr8/avr8-gnu-toolchain/bin/../lib/gcc/avr/5.4.0/avr5\libgcc.a(_mulsi3.o)
 .bss           0x00000000        0x0 c:/program files (x86)/atmel/studio/7.0/toolchain/avr8/avr8-gnu-toolchain/bin/../lib/gcc/avr/5.4.0/avr5\libgcc.a(_mulsi3.o)
 .text.libgcc.div
                0x00000000        0x0 c:/program files (x86)/atmel/studio/7.0/toolchain/avr8/avr8-gnu-toolchain/bin/../lib/gcc/avr/5.4.0/avr5\libgcc.a(_mulsi3.o)
 .text.libgcc   0x00000000        0x0 c:/program files (x86)/atmel/studio/7.0/toolchain/avr8/avr8-gnu-toolchain/bin/../lib/gcc/avr/5.4.0/avr5\libgcc.a(_mulsi3.o)
 .text.libgcc.prologue
                0x00000000        0x0 c:/program files (x86)/atmel/studio/7.0/toolchain/avr8/avr8-gnu-toolchain/bin/../lib/gcc/avr/5.4.0/avr5\libgcc.a(_mulsi3.o)
 .text.libgcc.builtins
                0x00000000        0x0 c:/program files (x86)/atmel/studio/7.0/toolchain/avr8/avr8-gnu-toolchain/bin/../lib/gcc/avr/5.4.0/avr5\libgcc.a(_mulsi3.o)
 .text.libgcc.fmul
                0x00000000        0x0 c:/program files (x86)/atmel/studio/7.0/toolchain/avr8/avr8-gnu-toolchain/bin/../lib/gcc/avr/5.4.0/avr5\libgcc.a(_mulsi3.o)
 .text.libgcc.fixed
                0x00000000        0x0 c:/program files (x86)/atmel/studio/7.0/toolchain/avr8/avr8-gnu-toolchain/bin/../lib/gcc/avr/5.4.0/avr5\libgcc.a(_mulsi3.o)
 .text          0x00000000        0x0 c:/program files (x86)/atmel/studio/7.0/toolchain/avr8/avr8-gnu-toolchain/bin/../lib/gcc/avr/5.4.0/avr5\libgcc.a(_udivmodsi4.o)
 .data          0x00000000        0x0 c:/program files (x86)/atmel/studio/7.0/toolchain/avr8/avr8-gnu-toolchain/bin/../lib/gcc/avr/5.4.0/avr5\libgcc.a(_udivmodsi4.o)
 .bss           0x00000000        0x0 c:/program files (x86)/atmel/studio/7.0/toolchain/avr8/avr8-gnu-toolchain/bin/../lib/gcc/avr/5.4.0/avr5\libgcc.a(_udivmodsi4.o)
 .text.libgcc.mul
                0x00000000        0x0 c:/program files (x86)/atmel/studio/7.0/toolchain/avr8/avr8-gnu-toolchain/bin/../lib/gcc/avr/5.4.0/avr5\libgcc.a(_udivmodsi4.o)
 .text.libgcc   0x00000000        0x0 c:/program files (x86)/atmel/studio/7.0/toolchain/avr8/avr8-gnu-toolchain/bin/../lib/gcc/avr/5.4.0/avr5\libgcc.a(_udivmodsi4.o)
 .text.libgcc.prologue
                0x00000000        0x0 c:/program files (x86)/atmel/studio/7.0/toolchain/avr8/avr8-gnu-toolchain/bin/../lib/gcc/avr/5.4.0/avr5\libgcc.a(_udivmodsi4.o)
 .text.libgcc.builtins
                0x00000000        0x0 c:/program files (x86)/atmel/studio/7.0/toolchain/avr8/avr8-gnu-toolchain/bin/../lib/gcc/avr/5.4.0/avr5\libgcc.a(_udivmodsi4.o)
 .text.libgcc.fmul
                0x00000000        0x0 c:/program files (x86)/atmel/studio/7.0/toolchain/avr8/avr8-gnu-toolchain/bin/../lib/gcc/avr/5.4.0/avr5\libgcc.a(_udivmodsi4.o)
 .text.libgcc.fixed
                0x00000000        0x0 c:/program files (x86)/atmel/studio/7.0/toolchain/avr8/avr8-gnu-toolchain/bin/../lib/gcc/avr/5.4.0/avr5\libgcc.a(_udivmodsi4.o)
 .text          0x00000000        0x0 c:/program files (x86)/atmel/studio/7.0/toolchain/avr8/avr8-gnu-toolchain/bin/../lib/gcc/avr/5.4.0/avr5\libgcc.a(_exit.o)
 .data          0x00000000        0x0 c:/program files (x86)/atmel/studio/7.0/toolchain/avr8/avr8-gnu-toolchain/bin/../lib/gcc/avr/5.4.0/avr5\libgcc.a(_exit.o)
 .bss           0x00000000        0x0 c:/program files (x86)/atmel/studio/7.0/toolchain/avr8/avr8-gnu-toolchain/bin/../lib/gcc/avr/5.4.0/avr5\libgcc.a(_exit.o)
 .text.libgcc.mul
                0x00000000        0x0 c:/program files (x86)/atmel/studio/7.0/toolchain/avr8/avr8-gnu-toolchain/bin/../lib/gcc/avr/5.4.0/avr5\libgcc.a(_exit.o)
 .text.libgcc.div
                0x00000000        0x0 c:/program files (x86)/atmel/studio/7.0/toolchain/avr8/avr8-gnu-toolchain/bin/../lib/gcc/avr/5.4.0/avr5\libgcc.a(_exit.o)
 .text.libgcc   0x00000000        0x0 c:/program files (x86)/atmel/studio/7.0/toolchain/avr8/avr8-gnu-toolchain/bin/../lib/gcc/avr/5.4.0/avr5\libgcc.a(_exit.o)
 .text.libgcc.prologue
                0x00000000        0x0 c:/program files (x86)/atmel/studio/7.0/toolchain/avr8/avr8-gnu-toolchain/bin/../lib/gcc/avr/5.4.0/avr5\libgcc.a(_exit.o)
 .text.libgcc.builtins
                0x00000000        0x0 c:/program files (x86)/atmel/studio/7.0/toolchain/avr8/avr8-gnu-toolchain/bin/../lib/gcc/avr/5.4.0/avr5\libgcc.a(_exit.o)
 .text.libgcc.fmul
                0x00000000        0x0 c:/program files (x86)/atmel/studio/7.0/toolchain/avr8/avr8-gnu-toolchain/bin/../lib/gcc/avr/5.4.0/avr5\libgcc.a(_exit.o)
 .text.libgcc.fixed
                0x00000000        0x0 c:/program files (x86)/atmel/studio/7.0/toolchain/avr8/avr8-gnu-toolchain/bin/../lib/gcc/avr/5.4.0/avr5\libgcc.a(_exit.o)
 .text          0x00000000        0x0 c:/program files (x86)/atmel/studio/7.0/toolchain/avr8/avr8-gnu-toolchain/bin/../lib/gcc/avr/5.4.0/avr5\libgcc.a(_tablejump2.o)
 .data          0x00000000        0x0 c:/program files (x86)/atmel/studio/7.0/toolchain/avr8/avr8-gnu-toolchain/bin/../lib/gcc/avr/5.4.0/avr5\libgcc.a(_tablejump2.o)
 .bss           0x00000000        0x0 c:/program files (x86)/atmel/studio/7.0/toolchain/avr8/avr8-gnu-toolchain/bin/../lib/gcc/avr/5.4.0/avr5\libgcc.a(_tablejump2.o)
 .text.libgcc.mul
                0x00000000        0x0 c:/program files (x86)/atmel/studio/7.0/toolchain/avr8/avr8-gnu-toolchain/bin/../lib/gcc/avr/5.4.0/avr5\libgcc.a(_tablejump2.o)
 .text.libgcc.div
                0x00000000        0x0 c:/program files (x86)/atmel/studio/7.0/toolchain/avr8/avr8-gnu-toolchain/bin/../lib/gcc/avr/5.4.0/avr5\libgcc.a(_tablejump2.o)
 .text.libgcc.prologue
                0x00000000        0x0 c:/program files (x86)/atmel/studio/7.0/toolchain/avr8/avr8-gnu-toolchain/bin/../lib/gcc/avr/5.4.0/avr5\libgcc.a(_tablejump2.o)
 .text.libgcc.builtins
                0x00000000        0x0 c:/program files (x86)/atmel/studio/7.0/toolchain/avr8/avr8-gnu-toolchain/bin/../lib/gcc/avr/5.4.0/avr5\libgcc.a(_tablejump2.o)
 .text.libgcc.fmul
                0x00000000        0x0 c:/program files (x86)/atmel/studio/7.0/toolchain/avr8/avr8-gnu-toolchain/bin/../lib/gcc/avr/5.4.0/avr5\libgcc.a(_tablejump2.o)
 .text.libgcc.fixed
                0x00000000        0x0 c:/program files (x86)/atmel/studio/7.0/toolchain/avr8/avr8-gnu-toolchain/bin/../lib/gcc/avr/5.4.0/avr5\libgcc.a(_tablejump2.o)
 .text          0x00000000        0x0 c:/program files (x86)/atmel/studio/7.0/toolchain/avr8/avr8-gnu-toolchain/bin/../lib/gcc/avr/5.4.0/avr5\libgcc.a(_copy_data.o)
 .data          0x00000000        0x0 c:/program files (x86)/atmel/studio/7.0/toolchain/avr8/avr8-gnu-toolchain/bin/../lib/gcc/avr/5.4.0/avr5\libgcc.a(_copy_data.o)
 .bss           0x00000000        0x0 c:/program files (x86)/atmel/studio/7.0/toolchain/avr8/avr8-gnu-toolchain/bin/../lib/gcc/avr/5.4.0/avr5\libgcc.a(_copy_data.o)
 .text.libgcc.mul
                0x00000000        0x0 c:/program files (x86)/atmel/studio/7.0/toolchain/avr8/avr8-gnu-toolchain/bin/../lib/gcc/avr/5.4.0/avr5\libgcc.a(_copy_data.o)
 .text.libgcc.div
                0x00000000        0x0 c:/program files (x86)/atmel/studio/7.0/toolchain/avr8/avr8-gnu-toolchain/bin/../lib/gcc/avr/5.4.0/avr5\libgcc.a(_copy_data.o)
 .text.libgcc   0x00000000        0x0 c:/program files (x86)/atmel/studio/7.0/toolchain/avr8/avr8-gnu-toolchain/bin/../lib/gcc/avr/5.4.0/avr5\libgcc.a(_copy_data.o)
 .text.libgcc.prologue
                0x00000000        0x0 c:/program files (x86)/atmel/studio/7.0/toolchain/avr8/avr8-gnu-toolchain/bin/../lib/gcc/avr/5.4.0/avr5\libgcc.a(_copy_data.o)
 .text.libgcc.builtins
                0x00000000        0x0 c:/program files (x86)/atmel/studio/7.0/toolchain/avr8/avr8-gnu-toolchain/bin/../lib/gcc/avr/5.4.0/avr5\libgcc.a(_copy_data.o)
 .text.libgcc.fmul
                0x00000000        0x0 c:/program files (x86)/atmel/studio/7.0/toolchain/avr8/avr8-gnu-toolchain/bin/../lib/gcc/avr/5.4.0/avr5\libgcc.a(_copy_data.o)
 .text.libgcc.fixed
                0x00000000        0x0 c:/program files (x86)/atmel/studio/7.0/toolchain/avr8/avr8-gnu-toolchain/bin/../lib/gcc/avr/5.4.0/avr5\libgcc.a(_copy_data.o)
 .text          0x00000000        0x0 c:/program files (x86)/atmel/studio/7.0/toolchain/avr8/avr8-gnu-toolchain/bin/../lib/gcc/avr/5.4.0/avr5\libgcc.a(_clear_bss.o)
 .data          0x00000000        0x0 c:/program files (x86)/atmel/studio/7.0/toolchain/avr8/avr8-gnu-toolchain/bin/../lib/gcc/avr/5.4.0/avr5\libgcc.a(_clear_bss.o)
 .bss           0x00000000        0x0 c:/program files (x86)/atmel/studio/7.0/toolchain/avr8/avr8-gnu-toolchain/bin/../lib/gcc/avr/5.4.0/avr5\libgcc.a(_clear_bss.o)
 .text.libgcc.mul
                0x00000000        0x0 c:/program files (x86)/atmel/studio/7.0/toolchain/avr8/avr8-gnu-toolchain/bin/../lib/gcc/avr/5.4.0/avr5\libgcc.a(_clear_bss.o)
 .text.libgcc.div
                0x00000000        0x0 c:/program files (x86)/atmel/studio/7.0/toolchain/avr8/avr8-gnu-toolchain/bin/../lib/gcc/avr/5.4.0/avr5\libgcc.a(_clear_bss.o)
 .text.libgcc   0x00000000        0x0 c:/program files (x86)/atmel/studio/7.0/toolchain/avr8/avr8-gnu-toolchain/bin/../lib/gcc/avr/5.4.0/avr5\libgcc.a(_clear_bss.o)
 .text.libgcc.prologue
                0x00000000        0x0 c:/program files (x86)/atmel/studio/7.0/toolchain/avr8/avr8-gnu-toolchain/bin/../lib/gcc/avr/5.4.0/avr5\libgcc.a(_clear_bss.o)
 .text.libgcc.builtins
                0x00000000        0x0 c:/program files (x86)/atmel/studio/7.0/toolchain/avr8/avr8-gnu-toolchain/bin/../lib/gcc/avr/5.4.0/avr5\libgcc.a(_clear_bss.o)
 .text.libgcc.fmul
                0x00000000        0x0 c:/program files (x86)/atmel/studio/7.0/toolchain/avr8/avr8-gnu-toolchain/bin/../lib/gcc/avr/5.4.0/avr5\libgcc.a(_clear_bss.o)
 .text.libgcc.fixed
                0x00000000        0x0 c:/program files (x86)/atmel/studio/7.0/toolchain/avr8/avr8-gnu-toolchain/bin/../lib/gcc/avr/5.4.0/avr5\libgcc.a(_clear_bss.o)
 .text          0x00000000        0x0 c:/program files (x86)/atmel/studio/7.0/toolchain/avr8/avr8-gnu-toolchain/bin/../lib/gcc/avr/5.4.0/avr5\libgcc.a(_umulhisi3.o)
 .data          0x00000000        0x0 c:/program files (x86)/atmel/studio/7.0/toolchain/avr8/avr8-gnu-toolchain/bin/../lib/gcc/avr/5.4.0/avr5\libgcc.a(_umulhisi3.o)
 .bss           0x00000000        0x0 c:/program files (x86)/atmel/studio/7.0/toolchain/avr8/avr8-gnu-toolchain/bin/../lib/gcc/avr/5.4.0/avr5\libgcc.a(_umulhisi3.o)
 .text.libgcc.div
                0x00000000        0x0 c:/program files (x86)/atmel/studio/7.0/toolchain/avr8/avr8-gnu-toolchain/bin/../lib/gcc/avr/5.4.0/avr5\libgcc.a(_umulhisi3.o)
 .text.libgcc   0x00000000        0x0 c:/program files (x86)/atmel/studio/7.0/toolchain/avr8/avr8-gnu-toolchain/bin/../lib/gcc/avr/5.4.0/avr5\libgcc.a(_umulhisi3.o)
 .text.libgcc.prologue
                0x00000000        0x0 c:/program files (x86)/atmel/studio/7.0/toolchain/avr8/avr8-gnu-toolchain/bin/../lib/gcc/avr/5.4.0/avr5\libgcc.a(_umulhisi3.o)
 .text.libgcc.builtins
                0x00000000        0x0 c:/program files (x86)/atmel/studio/7.0/toolchain/avr8/avr8-gnu-toolchain/bin/../lib/gcc/avr/5.4.0/avr5\libgcc.a(_umulhisi3.o)
 .text.libgcc.fmul
                0x00000000        0x0 c:/program files (x86)/atmel/studio/7.0/toolchain/avr8/avr8-gnu-toolchain/bin/../lib/gcc/avr/5.4.0/avr5\libgcc.a(_umulhisi3.o)
 .text.libgcc.fixed
                0x00000000        0x0 c:/program files (x86)/atmel/studio/7.0/toolchain/avr8/avr8-gnu-toolchain/bin/../lib/gcc/avr/5.4.0/avr5\libgcc.a(_umulhisi3.o)
 .text          0x00000000        0x0 c:/program files (x86)/atmel/studio/7.0/toolchain/avr8/avr8-gnu-toolchain/bin/../lib/gcc/avr/5.4.0/avr5\libgcc.a(_muluhisi3.o)
 .data          0x00000000        0x0 c:/program files (x86)/atmel/studio/7.0/toolchain/avr8/avr8-gnu-toolchain/bin/../lib/gcc/avr/5.4.0/avr5\libgcc.a(_muluhisi3.o)
 .bss           0x00000000        0x0 c:/program files (x86)/atmel/studio/7.0/toolchain/avr8/avr8-gnu-toolchain/bin/../lib/gcc/avr/5.4.0/avr5\libgcc.a(_muluhisi3.o)
 .text.libgcc.div
                0x00000000        0x0 c:/program files (x86)/atmel/studio/7.0/toolchain/avr8/avr8-gnu-toolchain/bin/../lib/gcc/avr/5.4.0/avr5\libgcc.a(_muluhisi3.o)
 .text.libgcc   0x00000000        0x0 c:/program files (x86)/atmel/studio/7.0/toolchain/avr8/avr8-gnu-toolchain/bin/../lib/gcc/avr/5.4.0/avr5\libgcc.a(_muluhisi3.o)
 .text.libgcc.prologue
                0x00000000        0x0 c:/program files (x86)/atmel/studio/7.0/toolchain/avr8/avr8-gnu-toolchain/bin/../lib/gcc/avr/5.4.0/avr5\libgcc.a(_muluhisi3.o)
 .text.libgcc.builtins
                0x00000000        0x0 c:/program files (x86)/atmel/studio/7.0/toolchain/avr8/avr8-gnu-toolchain/bin/../lib/gcc/avr/5.4.0/avr5\libgcc.a(_muluhisi3.o)
 .text.libgcc.fmul
                0x00000000        0x0 c:/program files (x86)/atmel/studio/7.0/toolchain/avr8/avr8-gnu-toolchain/bin/../lib/gcc/avr/5.4.0/avr5\libgcc.a(_muluhisi3.o)
 .text.libgcc.fixed
                0x00000000        0x0 c:/program files (x86)/atmel/studio/7.0/toolchain/avr8/avr8-gnu-toolchain/bin/../lib/gcc/avr/5.4.0/avr5\libgcc.a(_muluhisi3.o)
 .text          0x00000000        0x0 c:/program files (x86)/atmel/studio/7.0/toolchain/avr8/avr8-gnu-toolchain/bin/../lib/gcc/avr/5.4.0/avr5\libgcc.a(_umulsidi3.o)
 .data          0x00000000        0x0 c:/program files (x86)/atmel/studio/7.0/toolchain/avr8/avr8-gnu-toolchain/bin/../lib/gcc/avr/5.4.0/avr5\libgcc.a(_umulsidi3.o)
 .bss           0x00000000        0x0 c:/program files (x86)/atmel/studio/7.0/toolchain/avr8/avr8-gnu-toolchain/bin/../lib/gcc/avr/5.4.0/avr5\libgcc.a(_umulsidi3.o)
 .text.libgcc.div
                0x00000000        0x0 c:/program files (x86)/atmel/studio/7.0/toolchain/avr8/avr8-gnu-toolchain/bin/../lib/gcc/avr/5.4.0/avr5\libgcc.a(_umulsidi3.o)
 .text.libgcc   0x00000000        0x0 c:/program files (x86)/atmel/studio/7.0/toolchain/avr8/avr8-gnu-toolchain/bin/../lib/gcc/avr/5.4.0/avr5\libgcc.a(_umulsidi3.o)
 .text.libgcc.prologue
                0x00000000        0x0 c:/program files (x86)/atmel/studio/7.0/toolchain/avr8/avr8-gnu-toolchain/bin/../lib/gcc/avr/5.4.0/avr5\libgcc.a(_umulsidi3.o)
 .text.libgcc.builtins
                0x00000000        0x0 c:/program files (x86)/atmel/studio/7.0/toolchain/avr8/avr8-gnu-toolchain/bin/../lib/gcc/avr/5.4.0/avr5\libgcc.a(_umulsidi3.o)
 .text.libgcc.fmul
                0x00000000        0x0 c:/program files (x86)/atmel/studio/7.0/toolchain/avr8/avr8-gnu-toolchain/bin/../lib/gcc/avr/5.4.0/avr5\libgcc.a(_umulsidi3.o)
 .text.libgcc.fixed
                0x00000000        0x0 c:/program files (x86)/atmel/studio/7.0/toolchain/avr8/avr8-gnu-toolchain/bin/../lib/gcc/avr/5.4.0/avr5\libgcc.a(_umulsidi3.o)
 .text          0x00000000        0x0 c:/program files (x86)/atmel/studio/7.0/toolchain/avr8/avr8-gnu-toolchain/bin/../lib/gcc/avr/5.4.0/avr5\libgcc.a(_ashrdi3.o)
 .data          0x00000000        0x0 c:/program files (x86)/atmel/studio/7.0/toolchain/avr8/avr8-gnu-toolchain/bin/../lib/gcc/avr/5.4.0/avr5\libgcc.a(_ashrdi3.o)
 .bss           0x00000000        0x0 c:/program files (x86)/atmel/studio/7.0/toolchain/avr8/avr8-gnu-toolchain/bin/../lib/gcc/avr/5.4.0/avr5\libgcc.a(_ashrdi3.o)
 .text.libgcc.mul
                0x00000000        0x0 c:/program files (x86)/atmel/studio/7.0/toolchain/avr8/avr8-gnu-toolchain/bin/../lib/gcc/avr/5.4.0/avr5\libgcc.a(_ashrdi3.o)
 .text.libgcc.div
                0x00000000        0x0 c:/program files (x86)/atmel/studio/7.0/toolchain/avr8/avr8-gnu-toolchain/bin/../lib/gcc/avr/5.4.0/avr5\libgcc.a(_ashrdi3.o)
 .text.libgcc   0x00000000        0x0 c:/program files (x86)/atmel/studio/7.0/toolchain/avr8/avr8-gnu-toolchain/bin/../lib/gcc/avr/5.4.0/avr5\libgcc.a(_ashrdi3.o)
 .text.libgcc.prologue
                0x00000000        0x0 c:/program files (x86)/atmel/studio/7.0/toolchain/avr8/avr8-gnu-toolchain/bin/../lib/gcc/avr/5.4.0/avr5\libgcc.a(_ashrdi3.o)
 .text.libgcc.fmul
                0x00000000        0x0 c:/program files (x86)/atmel/studio/7.0/toolchain/avr8/avr8-gnu-toolchain/bin/../lib/gcc/avr/5.4.0/avr5\libgcc.a(_ashrdi3.o)
 .text.libgcc.fixed
                0x00000000        0x0 c:/program files (x86)/atmel/studio/7.0/toolchain/avr8/avr8-gnu-toolchain/bin/../lib/gcc/avr/5.4.0/avr5\libgcc.a(_ashrdi3.o)
 .text          0x00000000        0x0 c:/program files (x86)/atmel/studio/7.0/toolchain/avr8/avr8-gnu-toolchain/bin/../lib/gcc/avr/5.4.0/avr5\libgcc.a(_muldi3_6.o)
 .data          0x00000000        0x0 c:/program files (x86)/atmel/studio/7.0/toolchain/avr8/avr8-gnu-toolchain/bin/../lib/gcc/avr/5.4.0/avr5\libgcc.a(_muldi3_6.o)
 .bss           0x00000000        0x0 c:/program files (x86)/atmel/studio/7.0/toolchain/avr8/avr8-gnu-toolchain/bin/../lib/gcc/avr/5.4.0/avr5\libgcc.a(_muldi3_6.o)
 .text.libgcc.div
                0x00000000        0x0 c:/program files (x86)/atmel/studio/7.0/toolchain/avr8/avr8-gnu-toolchain/bin/../lib/gcc/avr/5.4.0/avr5\libgcc.a(_muldi3_6.o)
 .text.libgcc   0x00000000        0x0 c:/program files (x86)/atmel/studio/7.0/toolchain/avr8/avr8-gnu-toolchain/bin/../lib/gcc/avr/5.4.0/avr5\libgcc.a(_muldi3_6.o)
 .text.libgcc.prologue
                0x00000000        0x0 c:/program files (x86)/atmel/studio/7.0/toolchain/avr8/avr8-gnu-toolchain/bin/../lib/gcc/avr/5.4.0/avr5\libgcc.a(_muldi3_6.o)
 .text.libgcc.builtins
                0x00000000        0x0 c:/program files (x86)/atmel/studio/7.0/toolchain/avr8/avr8-gnu-toolchain/bin/../lib/gcc/avr/5.4.0/avr5\libgcc.a(_muldi3_6.o)
 .text.libgcc.fmul
                0x00000000        0x0 c:/program files (x86)/atmel/studio/7.0/toolchain/avr8/avr8-gnu-toolchain/bin/../lib/gcc/avr/5.4.0/avr5\libgcc.a(_muldi3_6.o)
 .text.libgcc.fixed
                0x00000000        0x0 c:/program files (x86)/atmel/studio/7.0/toolchain/avr8/avr8-gnu-toolchain/bin/../lib/gcc/avr/5.4.0/avr5\libgcc.a(_muldi3_6.o)
 .text          0x00000000        0x0 c:/program files (x86)/atmel/studio/7.0/toolchain/avr8/avr8-gnu-toolchain/bin/../lib/gcc/avr/5.4.0/../../../../avr/lib/avr5\libc.a(itoa_ncheck.o)
 .data          0x00000000        0x0 c:/program files (x86)/atmel/studio/7.0/toolchain/avr8/avr8-gnu-toolchain/bin/../lib/gcc/avr/5.4.0/../../../../avr/lib/avr5\libc.a(itoa_ncheck.o)
 .bss           0x00000000        0x0 c:/program files (x86)/atmel/studio/7.0/toolchain/avr8/avr8-gnu-toolchain/bin/../lib/gcc/avr/5.4.0/../../../../avr/lib/avr5\libc.a(itoa_ncheck.o)
 .text          0x00000000        0x0 c:/program files (x86)/atmel/studio/7.0/toolchain/avr8/avr8-gnu-toolchain/bin/../lib/gcc/avr/5.4.0/../../../../avr/lib/avr5\libc.a(utoa_ncheck.o)
 .data          0x00000000        0x0 c:/program files (x86)/atmel/studio/7.0/toolchain/avr8/avr8-gnu-toolchain/bin/../lib/gcc/avr/5.4.0/../../../../avr/lib/avr5\libc.a(utoa_ncheck.o)
 .bss           0x00000000        0x0 c:/program files (x86)/atmel/studio/7.0/toolchain/avr8/avr8-gnu-toolchain/bin/../lib/gcc/avr/5.4.0/../../../../avr/lib/avr5\libc.a(utoa_ncheck.o)
 .text          0x00000000        0x0 c:/program files (x86)/atmel/studio/7.0/toolchain/avr8/avr8-gnu-toolchain/bin/../lib/gcc/avr/5.4.0/../../../../avr/lib/avr5\libc.a(strrev.o)
 .data          0x00000000        0x0 c:/program files (x86)/atmel/studio/7.0/toolchain/avr8/avr8-gnu-toolchain/bin/../lib/gcc/avr/5.4.0/../../../../avr/lib/avr5\libc.a(strrev.o)
 .bss           0x00000000        0x0 c:/program files (x86)/atmel/studio/7.0/toolchain/avr8/avr8-gnu-toolchain/bin/../lib/gcc/avr/5.4.0/../../../../avr/lib/avr5\libc.a(strrev.o)

Memory Configuration

Name             Origin             Length             Attributes
text             0x00000000         0x00020000         xr
data             0x00800060         0x0000ffa0         rw !x
eeprom           0x00810000         0x00010000         rw !x
fuse             0x00820000         0x00000003         rw !x
lock             0x00830000         0x00000400         rw !x
signature        0x00840000         0x00000400         rw !x
user_signatures  0x00850000         0x00000400         rw !x
*default*        0x00000000         0xffffffff

Linker script and memory map

Address of section .data set to 0x800100
LOAD C:/Program Files (x86)/Atmel/Studio/7.0/Packs/Atmel/ATmega_DFP/1.3.300/gcc/dev/atmega328p/avr5/crtatmega328p.o
LOAD Drivers/ADC/ADC.o
LOAD Drivers/GPIO/GPIO.o
LOAD Drivers/I2C/I2C.o
LOAD Drivers/SPI/SPI.o
LOAD Drivers/TC16/TC16.o
LOAD Drivers/UART/UART.o
LOAD src/DCLoad.o
LOAD src/HD44780.o
LOAD src/HMI.o
LOAD src/main.o
LOAD src/MCP4725.o
LOAD src/menu.o
LOAD src/protected_io.o
LOAD src/spi_basic.o
LOAD src/tc16.o
START GROUP
LOAD c:/program files (x86)/atmel/studio/7.0/toolchain/avr8/avr8-gnu-toolchain/bin/../lib/gcc/avr/5.4.0/../../../../avr/lib/avr5\libm.a
END GROUP
START GROUP
LOAD c:/program files (x86)/atmel/studio/7.0/toolchain/avr8/avr8-gnu-toolchain/bin/../lib/gcc/avr/5.4.0/avr5\libgcc.a
LOAD c:/program files (x86)/atmel/studio/7.0/toolchain/avr8/avr8-gnu-toolchain/bin/../lib/gcc/avr/5.4.0/../../../../avr/lib/avr5\libm.a
LOAD c:/program files (x86)/atmel/studio/7.0/toolchain/avr8/avr8-gnu-toolchain/bin/../lib/gcc/avr/5.4.0/../../../../avr/lib/avr5\libc.a
LOAD C:/Program Files (x86)/Atmel/Studio/7.0/Packs/Atmel/ATmega_DFP/1.3.300/gcc/dev/atmega328p/avr5\libatmega328p.a
END GROUP
                0x00020000                __TEXT_REGION_LENGTH__ = DEFINED (__TEXT_REGION_LENGTH__)?__TEXT_REGION_LENGTH__:0x20000
                0x0000ffa0                __DATA_REGION_LENGTH__ = DEFINED (__DATA_REGION_LENGTH__)?__DATA_REGION_LENGTH__:0xffa0
                0x00010000                __EEPROM_REGION_LENGTH__ = DEFINED (__EEPROM_REGION_LENGTH__)?__EEPROM_REGION_LENGTH__:0x10000
                [0x00000003]                __FUSE_REGION_LENGTH__ = DEFINED (__FUSE_REGION_LENGTH__)?__FUSE_REGION_LENGTH__:0x400
                0x00000400                __LOCK_REGION_LENGTH__ = DEFINED (__LOCK_REGION_LENGTH__)?__LOCK_REGION_LENGTH__:0x400
                0x00000400                __SIGNATURE_REGION_LENGTH__ = DEFINED (__SIGNATURE_REGION_LENGTH__)?__SIGNATURE_REGION_LENGTH__:0x400
                0x00000400                __USER_SIGNATURE_REGION_LENGTH__ = DEFINED (__USER_SIGNATURE_REGION_LENGTH__)?__USER_SIGNATURE_REGION_LENGTH__:0x400

.hash
 *(.hash)

.dynsym
 *(.dynsym)

.dynstr
 *(.dynstr)

.gnu.version
 *(.gnu.version)

.gnu.version_d
 *(.gnu.version_d)

.gnu.version_r
 *(.gnu.version_r)

.rel.init
 *(.rel.init)

.rela.init
 *(.rela.init)

.rel.text
 *(.rel.text)
 *(.rel.text.*)
 *(.rel.gnu.linkonce.t*)

.rela.text
 *(.rela.text)
 *(.rela.text.*)
 *(.rela.gnu.linkonce.t*)

.rel.fini
 *(.rel.fini)

.rela.fini
 *(.rela.fini)

.rel.rodata
 *(.rel.rodata)
 *(.rel.rodata.*)
 *(.rel.gnu.linkonce.r*)

.rela.rodata
 *(.rela.rodata)
 *(.rela.rodata.*)
 *(.rela.gnu.linkonce.r*)

.rel.data
 *(.rel.data)
 *(.rel.data.*)
 *(.rel.gnu.linkonce.d*)

.rela.data
 *(.rela.data)
 *(.rela.data.*)
 *(.rela.gnu.linkonce.d*)

.rel.ctors
 *(.rel.ctors)

.rela.ctors
 *(.rela.ctors)

.rel.dtors
 *(.rel.dtors)

.rela.dtors
 *(.rela.dtors)

.rel.got
 *(.rel.got)

.rela.got
 *(.rela.got)

.rel.bss
 *(.rel.bss)

.rela.bss
 *(.rela.bss)

.rel.plt
 *(.rel.plt)

.rela.plt
 *(.rela.plt)

.text           0x00000000     0x1442
 *(.vectors)
 .vectors       0x00000000       0x68 C:/Program Files (x86)/Atmel/Studio/7.0/Packs/Atmel/ATmega_DFP/1.3.300/gcc/dev/atmega328p/avr5/crtatmega328p.o
                0x00000000                __vector_default
                0x00000000                __vectors
 *(.vectors)
 *(.progmem.gcc*)
 .progmem.gcc_sw_table.Menu_Increment
                0x00000068        0xe src/menu.o
 .progmem.gcc_sw_table.Menu_Decrement
                0x00000076        0xe src/menu.o
 .progmem.gcc_sw_table.Menu_Display_Cursor
                0x00000084        0xe src/menu.o
                0x00000092                . = ALIGN (0x2)
                0x00000092                __trampolines_start = .
 *(.trampolines)
 .trampolines   0x00000092        0x0 linker stubs
 *(.trampolines*)
                0x00000092                __trampolines_end = .
 *libprintf_flt.a:*(.progmem.data)
 *libc.a:*(.progmem.data)
 *(.progmem*)
                0x00000092                . = ALIGN (0x2)
 *(.jumptables)
 *(.jumptables*)
 *(.lowtext)
 *(.lowtext*)
                0x00000092                __ctors_start = .
 *(.ctors)
                0x00000092                __ctors_end = .
                0x00000092                __dtors_start = .
 *(.dtors)
                0x00000092                __dtors_end = .
 SORT(*)(.ctors)
 SORT(*)(.dtors)
 *(.init0)
 .init0         0x00000092        0x0 C:/Program Files (x86)/Atmel/Studio/7.0/Packs/Atmel/ATmega_DFP/1.3.300/gcc/dev/atmega328p/avr5/crtatmega328p.o
                0x00000092                __init
 *(.init0)
 *(.init1)
 *(.init1)
 *(.init2)
 .init2         0x00000092        0xc C:/Program Files (x86)/Atmel/Studio/7.0/Packs/Atmel/ATmega_DFP/1.3.300/gcc/dev/atmega328p/avr5/crtatmega328p.o
 *(.init2)
 *(.init3)
 *(.init3)
 *(.init4)
 .init4         0x0000009e       0x16 c:/program files (x86)/atmel/studio/7.0/toolchain/avr8/avr8-gnu-toolchain/bin/../lib/gcc/avr/5.4.0/avr5\libgcc.a(_copy_data.o)
                0x0000009e                __do_copy_data
 .init4         0x000000b4       0x10 c:/program files (x86)/atmel/studio/7.0/toolchain/avr8/avr8-gnu-toolchain/bin/../lib/gcc/avr/5.4.0/avr5\libgcc.a(_clear_bss.o)
                0x000000b4                __do_clear_bss
 *(.init4)
 *(.init5)
 *(.init5)
 *(.init6)
 *(.init6)
 *(.init7)
 *(.init7)
 *(.init8)
 *(.init8)
 *(.init9)
 .init9         0x000000c4        0x8 C:/Program Files (x86)/Atmel/Studio/7.0/Packs/Atmel/ATmega_DFP/1.3.300/gcc/dev/atmega328p/avr5/crtatmega328p.o
 *(.init9)
 *(.text)
 .text          0x000000cc        0x4 C:/Program Files (x86)/Atmel/Studio/7.0/Packs/Atmel/ATmega_DFP/1.3.300/gcc/dev/atmega328p/avr5/crtatmega328p.o
                0x000000cc                __vector_22
                0x000000cc                __vector_1
                0x000000cc                __vector_24
                0x000000cc                __vector_12
                0x000000cc                __bad_interrupt
                0x000000cc                __vector_6
                0x000000cc                __vector_3
                0x000000cc                __vector_23
                0x000000cc                __vector_25
                0x000000cc                __vector_11
                0x000000cc                __vector_13
                0x000000cc                __vector_17
                0x000000cc                __vector_19
                0x000000cc                __vector_7
                0x000000cc                __vector_5
                0x000000cc                __vector_4
                0x000000cc                __vector_9
                0x000000cc                __vector_2
                0x000000cc                __vector_21
                0x000000cc                __vector_15
                0x000000cc                __vector_8
                0x000000cc                __vector_14
                0x000000cc                __vector_10
                0x000000cc                __vector_16
                0x000000cc                __vector_18
                0x000000cc                __vector_20
                0x000000d0                . = ALIGN (0x2)
 *(.text.*)
 .text.ADC_Init
                0x000000d0       0x26 Drivers/ADC/ADC.o
                0x000000d0                ADC_Init
 .text.ADC_Get_Voltage
                0x000000f6       0x6c Drivers/ADC/ADC.o
                0x000000f6                ADC_Get_Voltage
 .text.i2c_init
                0x00000162        0xc Drivers/I2C/I2C.o
                0x00000162                i2c_init
 .text.i2c_start
                0x0000016e       0x4a Drivers/I2C/I2C.o
                0x0000016e                i2c_start
 .text.i2c_write
                0x000001b8       0x24 Drivers/I2C/I2C.o
                0x000001b8                i2c_write
 .text.i2c_read_ack
                0x000001dc       0x16 Drivers/I2C/I2C.o
                0x000001dc                i2c_read_ack
 .text.i2c_read_nack
                0x000001f2       0x16 Drivers/I2C/I2C.o
                0x000001f2                i2c_read_nack
 .text.i2c_writeReg
                0x00000208       0x64 Drivers/I2C/I2C.o
                0x00000208                i2c_writeReg
 .text.i2c_readReg
                0x0000026c       0x86 Drivers/I2C/I2C.o
                0x0000026c                i2c_readReg
 .text.TC16_Init
                0x000002f2       0x7a Drivers/TC16/TC16.o
                0x000002f2                TC16_Init
 .text.TC16_Poll
                0x0000036c        0xe Drivers/TC16/TC16.o
                0x0000036c                TC16_Poll
 .text.Uart_Init
                0x0000037a       0x28 Drivers/UART/UART.o
                0x0000037a                Uart_Init
 .text.Uart_Send_Byte
                0x000003a2       0x10 Drivers/UART/UART.o
                0x000003a2                Uart_Send_Byte
 .text.Uart_Send_Text
                0x000003b2       0x1e Drivers/UART/UART.o
                0x000003b2                Uart_Send_Text
 .text.Uart_Send_Int32
                0x000003d0       0x50 Drivers/UART/UART.o
                0x000003d0                Uart_Send_Int32
 .text.Load_Initialize
                0x00000420       0x4a src/DCLoad.o
                0x00000420                Load_Initialize
 .text.Load_Get_Current
                0x0000046a       0x64 src/DCLoad.o
                0x0000046a                Load_Get_Current
 .text.Load_Get_Voltage
                0x000004ce       0x5a src/DCLoad.o
                0x000004ce                Load_Get_Voltage
 .text.Load_Get_Temperature
                0x00000528       0x22 src/DCLoad.o
                0x00000528                Load_Get_Temperature
 .text.Load_Get_Power
                0x0000054a       0x36 src/DCLoad.o
                0x0000054a                Load_Get_Power
 .text.Load_Run
                0x00000580      0x1d2 src/DCLoad.o
                0x00000580                Load_Run
 .text._LCD_OutNibble
                0x00000752       0x2a src/HD44780.o
                0x00000752                _LCD_OutNibble
 .text._LCD_Write
                0x0000077c       0x26 src/HD44780.o
                0x0000077c                _LCD_Write
 .text.LCD_WriteCommand
                0x000007a2        0x8 src/HD44780.o
                0x000007a2                LCD_WriteCommand
 .text.LCD_WriteData
                0x000007aa        0x8 src/HD44780.o
                0x000007aa                LCD_WriteData
 .text.LCD_WriteText
                0x000007b2       0x1e src/HD44780.o
                0x000007b2                LCD_WriteText
 .text.LCD_GoTo
                0x000007d0       0x10 src/HD44780.o
                0x000007d0                LCD_GoTo
 .text.LCD_Clear
                0x000007e0       0x14 src/HD44780.o
                0x000007e0                LCD_Clear
 .text.LCD_Initalize
                0x000007f4       0x7e src/HD44780.o
                0x000007f4                LCD_Initalize
 .text.HMI_Initialize
                0x00000872       0x2e src/HMI.o
                0x00000872                HMI_Initialize
 .text.HMI_Display_Cursor
                0x000008a0        0xc src/HMI.o
                0x000008a0                HMI_Display_Cursor
 .text.HMI_Hide_Cursor
                0x000008ac        0x8 src/HMI.o
                0x000008ac                HMI_Hide_Cursor
 .text.HMI_Display_Clear
                0x000008b4        0x6 src/HMI.o
                0x000008b4                HMI_Display_Clear
 .text.HMI_Display_Mode
                0x000008ba       0x54 src/HMI.o
                0x000008ba                HMI_Display_Mode
 .text.HMI_Display_Value
                0x0000090e       0x18 src/HMI.o
                0x0000090e                HMI_Display_Value
 .text.HMI_Display_Current
                0x00000926       0x2e src/HMI.o
                0x00000926                HMI_Display_Current
 .text.HMI_Display_Voltage
                0x00000954       0x2e src/HMI.o
                0x00000954                HMI_Display_Voltage
 .text.HMI_Display_Power
                0x00000982       0x2e src/HMI.o
                0x00000982                HMI_Display_Power
 .text.HMI_Display_Temperature
                0x000009b0       0x2e src/HMI.o
                0x000009b0                HMI_Display_Temperature
 .text.HMI_Display_Time
                0x000009de       0x44 src/HMI.o
                0x000009de                HMI_Display_Time
 .text.HMI_Display_Text
                0x00000a22        0x6 src/HMI.o
                0x00000a22                HMI_Display_Text
 .text.HMI_Is_Button_Pressed
                0x00000a28       0x16 src/HMI.o
                0x00000a28                HMI_Is_Button_Pressed
 .text.User_Button_Init
                0x00000a3e       0x12 src/main.o
                0x00000a3e                User_Button_Init
 .text.User_Button_Read
                0x00000a50       0x22 src/main.o
                0x00000a50                User_Button_Read
 .text.User_DAC_I2C_Init
                0x00000a72        0x6 src/main.o
                0x00000a72                User_DAC_I2C_Init
 .text.User_DAC_I2C_Write
                0x00000a78       0x22 src/main.o
                0x00000a78                User_DAC_I2C_Write
 .text.User_DAC_I2C_Read
                0x00000a9a       0x26 src/main.o
                0x00000a9a                User_DAC_I2C_Read
 .text.User_ADC_Init
                0x00000ac0        0x6 src/main.o
                0x00000ac0                User_ADC_Init
 .text.User_ADC_Read
                0x00000ac6        0x6 src/main.o
                0x00000ac6                User_ADC_Read
 .text.Serial_Send_Parameters
                0x00000acc       0xbe src/main.o
                0x00000acc                Serial_Send_Parameters
 .text.Time_Increment
                0x00000b8a       0x86 src/main.o
                0x00000b8a                Time_Increment
 .text.Time_Decrement
                0x00000c10       0xb0 src/main.o
                0x00000c10                Time_Decrement
 .text.Time_Compare
                0x00000cc0       0x34 src/main.o
                0x00000cc0                Time_Compare
 .text.main     0x00000cf4      0x2e0 src/main.o
                0x00000cf4                main
 .text.MCP4725_Initialize
                0x00000fd4       0x32 src/MCP4725.o
                0x00000fd4                MCP4725_Initialize
 .text.MCP4725_Set_Voltage_Fast
                0x00001006       0x40 src/MCP4725.o
                0x00001006                MCP4725_Set_Voltage_Fast
 .text.Menu_Change_Function
                0x00001046       0x12 src/menu.o
                0x00001046                Menu_Change_Function
 .text.Menu_Increment
                0x00001058       0xee src/menu.o
                0x00001058                Menu_Increment
 .text.Menu_Decrement
                0x00001146       0xe8 src/menu.o
                0x00001146                Menu_Decrement
 .text.Menu_Display_Cursor
                0x0000122e       0x5e src/menu.o
                0x0000122e                Menu_Display_Cursor
 .text.libgcc.mul
                0x0000128c       0x20 c:/program files (x86)/atmel/studio/7.0/toolchain/avr8/avr8-gnu-toolchain/bin/../lib/gcc/avr/5.4.0/avr5\libgcc.a(_mulsi3.o)
                0x0000128c                __mulsi3
 .text.libgcc.div
                0x000012ac       0x44 c:/program files (x86)/atmel/studio/7.0/toolchain/avr8/avr8-gnu-toolchain/bin/../lib/gcc/avr/5.4.0/avr5\libgcc.a(_udivmodsi4.o)
                0x000012ac                __udivmodsi4
 .text.libgcc   0x000012f0        0xc c:/program files (x86)/atmel/studio/7.0/toolchain/avr8/avr8-gnu-toolchain/bin/../lib/gcc/avr/5.4.0/avr5\libgcc.a(_tablejump2.o)
                0x000012f0                __tablejump2__
 .text.libgcc.mul
                0x000012fc       0x1e c:/program files (x86)/atmel/studio/7.0/toolchain/avr8/avr8-gnu-toolchain/bin/../lib/gcc/avr/5.4.0/avr5\libgcc.a(_umulhisi3.o)
                0x000012fc                __umulhisi3
 .text.libgcc.mul
                0x0000131a       0x16 c:/program files (x86)/atmel/studio/7.0/toolchain/avr8/avr8-gnu-toolchain/bin/../lib/gcc/avr/5.4.0/avr5\libgcc.a(_muluhisi3.o)
                0x0000131a                __muluhisi3
 .text.libgcc.mul
                0x00001330       0x56 c:/program files (x86)/atmel/studio/7.0/toolchain/avr8/avr8-gnu-toolchain/bin/../lib/gcc/avr/5.4.0/avr5\libgcc.a(_umulsidi3.o)
                0x00001330                __umulsidi3
                0x00001332                __umulsidi3_helper
 .text.libgcc.builtins
                0x00001386       0x3c c:/program files (x86)/atmel/studio/7.0/toolchain/avr8/avr8-gnu-toolchain/bin/../lib/gcc/avr/5.4.0/avr5\libgcc.a(_ashrdi3.o)
                0x00001386                __ashrdi3
                0x0000138a                __lshrdi3
 .text.libgcc.mul
                0x000013c2       0x12 c:/program files (x86)/atmel/studio/7.0/toolchain/avr8/avr8-gnu-toolchain/bin/../lib/gcc/avr/5.4.0/avr5\libgcc.a(_muldi3_6.o)
                0x000013c2                __muldi3_6
 .text.avr-libc
                0x000013d4       0x16 c:/program files (x86)/atmel/studio/7.0/toolchain/avr8/avr8-gnu-toolchain/bin/../lib/gcc/avr/5.4.0/../../../../avr/lib/avr5\libc.a(itoa_ncheck.o)
                0x000013d4                __itoa_ncheck
 .text.avr-libc
                0x000013ea       0x34 c:/program files (x86)/atmel/studio/7.0/toolchain/avr8/avr8-gnu-toolchain/bin/../lib/gcc/avr/5.4.0/../../../../avr/lib/avr5\libc.a(utoa_ncheck.o)
                0x000013ea                __utoa_ncheck
                0x000013ec                __utoa_common
 .text.avr-libc
                0x0000141e       0x20 c:/program files (x86)/atmel/studio/7.0/toolchain/avr8/avr8-gnu-toolchain/bin/../lib/gcc/avr/5.4.0/../../../../avr/lib/avr5\libc.a(strrev.o)
                0x0000141e                strrev
                0x0000143e                . = ALIGN (0x2)
 *(.fini9)
 .fini9         0x0000143e        0x0 c:/program files (x86)/atmel/studio/7.0/toolchain/avr8/avr8-gnu-toolchain/bin/../lib/gcc/avr/5.4.0/avr5\libgcc.a(_exit.o)
                0x0000143e                _exit
                0x0000143e                exit
 *(.fini9)
 *(.fini8)
 *(.fini8)
 *(.fini7)
 *(.fini7)
 *(.fini6)
 *(.fini6)
 *(.fini5)
 *(.fini5)
 *(.fini4)
 *(.fini4)
 *(.fini3)
 *(.fini3)
 *(.fini2)
 *(.fini2)
 *(.fini1)
 *(.fini1)
 *(.fini0)
 .fini0         0x0000143e        0x4 c:/program files (x86)/atmel/studio/7.0/toolchain/avr8/avr8-gnu-toolchain/bin/../lib/gcc/avr/5.4.0/avr5\libgcc.a(_exit.o)
 *(.fini0)
                0x00001442                _etext = .

.data           0x00800100       0x38 load address 0x00001442
                0x00800100                PROVIDE (__data_start, .)
 *(.data)
 *(.data*)
 *(.gnu.linkonce.d*)
 *(.rodata)
 *(.rodata*)
 .rodata.str1.1
                0x00800100       0x19 src/HMI.o
                                 0x1b (size before relaxing)
 .rodata.str1.1
                0x00800119       0x1e src/main.o
                                 0x24 (size before relaxing)
 *(.gnu.linkonce.r*)
                0x00800138                . = ALIGN (0x2)
 *fill*         0x00800137        0x1 
                0x00800138                _edata = .
                0x00800138                PROVIDE (__data_end, .)

.bss            0x00800138       0x2b
                0x00800138                PROVIDE (__bss_start, .)
 *(.bss)
 *(.bss*)
 *(COMMON)
 COMMON         0x00800138        0xd src/DCLoad.o
                0x00800138                load_actual_config
                0x00800141                dacVoltage
 COMMON         0x00800145       0x1e src/HMI.o
                0x00800145                txtBuffer
                0x00800159                dac_actual_config
                0x0080015f                hmi_actual_config
                0x00800163                PROVIDE (__bss_end, .)
                0x00001442                __data_load_start = LOADADDR (.data)
                0x0000147a                __data_load_end = (__data_load_start + SIZEOF (.data))

.noinit         0x00800163        0x0
                [!provide]                PROVIDE (__noinit_start, .)
 *(.noinit*)
                [!provide]                PROVIDE (__noinit_end, .)
                0x00800163                _end = .
                [!provide]                PROVIDE (__heap_start, .)

.eeprom         0x00810000        0x0
 *(.eeprom*)
                0x00810000                __eeprom_end = .

.fuse
 *(.fuse)
 *(.lfuse)
 *(.hfuse)
 *(.efuse)

.lock
 *(.lock*)

.signature
 *(.signature*)

.user_signatures
 *(.user_signatures*)

.stab
 *(.stab)

.stabstr
 *(.stabstr)

.stab.excl
 *(.stab.excl)

.stab.exclstr
 *(.stab.exclstr)

.stab.index
 *(.stab.index)

.stab.indexstr
 *(.stab.indexstr)

.comment        0x00000000       0x30
 *(.comment)
 .comment       0x00000000       0x30 Drivers/ADC/ADC.o
                                 0x31 (size before relaxing)
 .comment       0x00000030       0x31 Drivers/I2C/I2C.o
 .comment       0x00000030       0x31 Drivers/TC16/TC16.o
 .comment       0x00000030       0x31 Drivers/UART/UART.o
 .comment       0x00000030       0x31 src/DCLoad.o
 .comment       0x00000030       0x31 src/HD44780.o
 .comment       0x00000030       0x31 src/HMI.o
 .comment       0x00000030       0x31 src/main.o
 .comment       0x00000030       0x31 src/MCP4725.o
 .comment       0x00000030       0x31 src/menu.o

.note.gnu.avr.deviceinfo
                0x00000000       0x40
 .note.gnu.avr.deviceinfo
                0x00000000       0x40 C:/Program Files (x86)/Atmel/Studio/7.0/Packs/Atmel/ATmega_DFP/1.3.300/gcc/dev/atmega328p/avr5/crtatmega328p.o

.note.gnu.build-id
 *(.note.gnu.build-id)

.debug
 *(.debug)

.line
 *(.line)

.debug_srcinfo
 *(.debug_srcinfo)

.debug_sfnames
 *(.debug_sfnames)

.debug_aranges  0x00000000      0x328
 *(.debug_aranges)
 .debug_aranges
                0x00000000       0x28 Drivers/ADC/ADC.o
 .debug_aranges
                0x00000028       0x68 Drivers/I2C/I2C.o
 .debug_aranges
                0x00000090       0x28 Drivers/TC16/TC16.o
 .debug_aranges
                0x000000b8       0x50 Drivers/UART/UART.o
 .debug_aranges
                0x00000108       0x48 src/DCLoad.o
 .debug_aranges
                0x00000150       0x60 src/HD44780.o
 .debug_aranges
                0x000001b0       0x88 src/HMI.o
 .debug_aranges
                0x00000238       0x88 src/main.o
 .debug_aranges
                0x000002c0       0x30 src/MCP4725.o
 .debug_aranges
                0x000002f0       0x38 src/menu.o

.debug_pubnames
 *(.debug_pubnames)

.debug_info     0x00000000     0x3705
 *(.debug_info .gnu.linkonce.wi.*)
 .debug_info    0x00000000      0x5f4 C:/Program Files (x86)/Atmel/Studio/7.0/Packs/Atmel/ATmega_DFP/1.3.300/gcc/dev/atmega328p/avr5/crtatmega328p.o
 .debug_info    0x000005f4       0xef Drivers/ADC/ADC.o
 .debug_info    0x000006e3      0x409 Drivers/I2C/I2C.o
 .debug_info    0x00000aec       0xcb Drivers/TC16/TC16.o
 .debug_info    0x00000bb7      0x32a Drivers/UART/UART.o
 .debug_info    0x00000ee1      0x39b src/DCLoad.o
 .debug_info    0x0000127c      0x50c src/HD44780.o
 .debug_info    0x00001788      0xa2d src/HMI.o
 .debug_info    0x000021b5      0xe2d src/main.o
 .debug_info    0x00002fe2      0x1e1 src/MCP4725.o
 .debug_info    0x000031c3      0x542 src/menu.o

.debug_abbrev   0x00000000     0x1461
 *(.debug_abbrev)
 .debug_abbrev  0x00000000      0x5a2 C:/Program Files (x86)/Atmel/Studio/7.0/Packs/Atmel/ATmega_DFP/1.3.300/gcc/dev/atmega328p/avr5/crtatmega328p.o
 .debug_abbrev  0x000005a2       0x87 Drivers/ADC/ADC.o
 .debug_abbrev  0x00000629      0x159 Drivers/I2C/I2C.o
 .debug_abbrev  0x00000782       0x89 Drivers/TC16/TC16.o
 .debug_abbrev  0x0000080b      0x203 Drivers/UART/UART.o
 .debug_abbrev  0x00000a0e      0x143 src/DCLoad.o
 .debug_abbrev  0x00000b51      0x17f src/HD44780.o
 .debug_abbrev  0x00000cd0      0x27e src/HMI.o
 .debug_abbrev  0x00000f4e      0x2e3 src/main.o
 .debug_abbrev  0x00001231      0x113 src/MCP4725.o
 .debug_abbrev  0x00001344      0x11d src/menu.o

.debug_line     0x00000000     0x1b0c
 *(.debug_line .debug_line.* .debug_line_end)
 .debug_line    0x00000000      0x133 C:/Program Files (x86)/Atmel/Studio/7.0/Packs/Atmel/ATmega_DFP/1.3.300/gcc/dev/atmega328p/avr5/crtatmega328p.o
 .debug_line    0x00000133      0x11a Drivers/ADC/ADC.o
 .debug_line    0x0000024d      0x32a Drivers/I2C/I2C.o
 .debug_line    0x00000577      0x128 Drivers/TC16/TC16.o
 .debug_line    0x0000069f      0x1ff Drivers/UART/UART.o
 .debug_line    0x0000089e      0x216 src/DCLoad.o
 .debug_line    0x00000ab4      0x318 src/HD44780.o
 .debug_line    0x00000dcc      0x2ef src/HMI.o
 .debug_line    0x000010bb      0x724 src/main.o
 .debug_line    0x000017df      0x10f src/MCP4725.o
 .debug_line    0x000018ee      0x21e src/menu.o

.debug_frame    0x00000000      0x788
 *(.debug_frame)
 .debug_frame   0x00000000       0x34 Drivers/ADC/ADC.o
 .debug_frame   0x00000034      0x15c Drivers/I2C/I2C.o
 .debug_frame   0x00000190       0x34 Drivers/TC16/TC16.o
 .debug_frame   0x000001c4       0xac Drivers/UART/UART.o
 .debug_frame   0x00000270      0x120 src/DCLoad.o
 .debug_frame   0x00000390       0xc0 src/HD44780.o
 .debug_frame   0x00000450      0x15c src/HMI.o
 .debug_frame   0x000005ac      0x138 src/main.o
 .debug_frame   0x000006e4       0x50 src/MCP4725.o
 .debug_frame   0x00000734       0x54 src/menu.o

.debug_str      0x00000000      0xd0f
 *(.debug_str)
 .debug_str     0x00000000      0x208 C:/Program Files (x86)/Atmel/Studio/7.0/Packs/Atmel/ATmega_DFP/1.3.300/gcc/dev/atmega328p/avr5/crtatmega328p.o
 .debug_str     0x00000208      0x18f Drivers/ADC/ADC.o
                                0x1cc (size before relaxing)
 .debug_str     0x00000397       0xb8 Drivers/I2C/I2C.o
                                0x21e (size before relaxing)
 .debug_str     0x0000044f       0x38 Drivers/TC16/TC16.o
                                0x19e (size before relaxing)
 .debug_str     0x00000487      0x108 Drivers/UART/UART.o
                                0x285 (size before relaxing)
 .debug_str     0x0000058f      0x19c src/DCLoad.o
                                0x31b (size before relaxing)
 .debug_str     0x0000072b      0x101 src/HD44780.o
                                0x26c (size before relaxing)
 .debug_str     0x0000082c      0x247 src/HMI.o
                                0x4c9 (size before relaxing)
 .debug_str     0x00000a73      0x21a src/main.o
                                0x728 (size before relaxing)
 .debug_str     0x00000c8d       0x5c src/MCP4725.o
                                0x249 (size before relaxing)
 .debug_str     0x00000ce9       0x26 src/menu.o
                                0x3b8 (size before relaxing)

.debug_loc      0x00000000     0x21ae
 *(.debug_loc)
 .debug_loc     0x00000000       0xda Drivers/ADC/ADC.o
 .debug_loc     0x000000da      0x6b8 Drivers/I2C/I2C.o
 .debug_loc     0x00000792       0xa3 Drivers/TC16/TC16.o
 .debug_loc     0x00000835      0x2cc Drivers/UART/UART.o
 .debug_loc     0x00000b01      0x3f9 src/DCLoad.o
 .debug_loc     0x00000efa      0x385 src/HD44780.o
 .debug_loc     0x0000127f      0x4e1 src/HMI.o
 .debug_loc     0x00001760      0x5cc src/main.o
 .debug_loc     0x00001d2c      0x11e src/MCP4725.o
 .debug_loc     0x00001e4a      0x364 src/menu.o

.debug_macinfo
 *(.debug_macinfo)

.debug_weaknames
 *(.debug_weaknames)

.debug_funcnames
 *(.debug_funcnames)

.debug_typenames
 *(.debug_typenames)

.debug_varnames
 *(.debug_varnames)

.debug_pubtypes
 *(.debug_pubtypes)

.debug_ranges   0x00000000      0x2b8
 *(.debug_ranges)
 .debug_ranges  0x00000000       0x18 Drivers/ADC/ADC.o
 .debug_ranges  0x00000018       0x88 Drivers/I2C/I2C.o
 .debug_ranges  0x000000a0       0x18 Drivers/TC16/TC16.o
 .debug_ranges  0x000000b8       0x40 Drivers/UART/UART.o
 .debug_ranges  0x000000f8       0x38 src/DCLoad.o
 .debug_ranges  0x00000130       0x50 src/HD44780.o
 .debug_ranges  0x00000180       0x78 src/HMI.o
 .debug_ranges  0x000001f8       0x78 src/main.o
 .debug_ranges  0x00000270       0x20 src/MCP4725.o
 .debug_ranges  0x00000290       0x28 src/menu.o

.debug_macro
 *(.debug_macro)
OUTPUT(DC Load.elf elf32-avr)
LOAD linker stubs
